 PushAndPop

 Timestamp is 66032463 (Tue Mar 26 15:39:15 2024)

 Preferred load address is 00400000

 Start         Length     Name                   Class
 0001:00000000 00001cadH .text                   CODE
 0002:00000000 00000121H .rdata                  DATA
 0002:00000121 00000000H .edata                  DATA
 0003:00000000 00000e14H .data                   DATA
 0003:00000e14 00000224H .bss                    DATA
 0004:00000000 00000014H .idata$2                DATA
 0004:00000014 00000014H .idata$3                DATA
 0004:00000028 0000006cH .idata$4                DATA
 0004:00000094 0000006cH .idata$5                DATA
 0004:00000100 0000022dH .idata$6                DATA

  Address         Publics by Value              Rva+Base     Lib:Object

 0001:00000030       _main@0                    00401030 f   PushAndPop.obj
 0001:0000003c       _apple@0                   0040103c f   PushAndPop.obj
 0001:0000006d       _outerLoop@0               0040106d f   PushAndPop.obj
 0001:00000081       _innerLoop@0               00401081 f   PushAndPop.obj
 0001:000000ac       _ClrScr@0                  004010ac f   irvine32:Irvine32.obj
 0001:000000fb       _Crlf@0                    004010fb f   irvine32:Irvine32.obj
 0001:00000118       _Delay@0                   00401118 f   irvine32:Irvine32.obj
 0001:00000121       _DumpMem@0                 00401121 f   irvine32:Irvine32.obj
 0001:000001f1       _DumpRegs@0                004011f1 f   irvine32:Irvine32.obj
 0001:000003cd       _GetCommandTail@0          004013cd f   irvine32:Irvine32.obj
 0001:000003e3       _GetDateTime@4             004013e3 f   irvine32:Irvine32.obj
 0001:00000413       _GetMseconds@0             00401413 f   irvine32:Irvine32.obj
 0001:0000046c       _Gotoxy@0                  0040146c f   irvine32:Irvine32.obj
 0001:000004a2       _IsDigit@0                 004014a2 f   irvine32:Irvine32.obj
 0001:000004af       _RandomRange@0             004014af f   irvine32:Irvine32.obj
 0001:000004cb       _Random32@0                004014cb f   irvine32:Irvine32.obj
 0001:000004e6       _Randomize@0               004014e6 f   irvine32:Irvine32.obj
 0001:000004ff       _ReadChar@0                004014ff f   irvine32:Irvine32.obj
 0001:0000055c       _ReadHex@0                 0040155c f   irvine32:Irvine32.obj
 0001:000005bc       _ReadInt@0                 004015bc f   irvine32:Irvine32.obj
 0001:00000679       _ReadString@0              00401679 f   irvine32:Irvine32.obj
 0001:000006df       _SetTextColor@0            004016df f   irvine32:Irvine32.obj
 0001:00000704       _Str_compare@8             00401704 f   irvine32:Irvine32.obj
 0001:0000072e       _Str_copy@8                0040172e f   irvine32:Irvine32.obj
 0001:00000751       _Str_length@4              00401751 f   irvine32:Irvine32.obj
 0001:0000076b       _Str_trim@8                0040176b f   irvine32:Irvine32.obj
 0001:00000798       _Str_ucase@4               00401798 f   irvine32:Irvine32.obj
 0001:000007ba       _WaitMsg@0                 004017ba f   irvine32:Irvine32.obj
 0001:00000813       _WriteBin@0                00401813 f   irvine32:Irvine32.obj
 0001:00000847       _WriteChar@0               00401847 f   irvine32:Irvine32.obj
 0001:00000876       _WriteDec@0                00401876 f   irvine32:Irvine32.obj
 0001:000008b7       _WriteHex@0                004018b7 f   irvine32:Irvine32.obj
 0001:0000090e       _WriteInt@0                0040190e f   irvine32:Irvine32.obj
 0001:0000096f       _WriteString@0             0040196f f   irvine32:Irvine32.obj
 0001:000009fc       _ExitProcess@4             004019fc f   kernel32:KERNEL32.dll
 0001:00000a02       _FlushConsoleInputBuffer@4 00401a02 f   kernel32:KERNEL32.dll
 0001:00000a08       _GetCommandLineA@0         00401a08 f   kernel32:KERNEL32.dll
 0001:00000a0e       _GetConsoleMode@8          00401a0e f   kernel32:KERNEL32.dll
 0001:00000a14       _GetLocalTime@4            00401a14 f   kernel32:KERNEL32.dll
 0001:00000a1a       _GetStdHandle@4            00401a1a f   kernel32:KERNEL32.dll
 0001:00000a20       _GetSystemTime@4           00401a20 f   kernel32:KERNEL32.dll
 0001:00000a26       _ReadConsoleA@20           00401a26 f   kernel32:KERNEL32.dll
 0001:00000a2c       _SetConsoleCursorPosition@8 00401a2c f   kernel32:KERNEL32.dll
 0001:00000a32       _SetConsoleMode@8          00401a32 f   kernel32:KERNEL32.dll
 0001:00000a38       _SetConsoleTextAttribute@8 00401a38 f   kernel32:KERNEL32.dll
 0001:00000a3e       _Sleep@4                   00401a3e f   kernel32:KERNEL32.dll
 0001:00000a44       _SystemTimeToFileTime@8    00401a44 f   kernel32:KERNEL32.dll
 0001:00000a4a       _WriteConsoleA@20          00401a4a f   kernel32:KERNEL32.dll
 0004:00000000       __IMPORT_DESCRIPTOR_KERNEL32 00406000     kernel32:KERNEL32.dll
 0004:00000014       __NULL_IMPORT_DESCRIPTOR   00406014     kernel32:KERNEL32.dll
 0004:00000094       __imp__ExitProcess@4       00406094     kernel32:KERNEL32.dll
 0004:00000098       __imp__FlushConsoleInputBuffer@4 00406098     kernel32:KERNEL32.dll
 0004:0000009c       __imp__GetCommandLineA@0   0040609c     kernel32:KERNEL32.dll
 0004:000000a0       __imp__GetConsoleMode@8    004060a0     kernel32:KERNEL32.dll
 0004:000000a4       __imp__GetLocalTime@4      004060a4     kernel32:KERNEL32.dll
 0004:000000a8       __imp__GetStdHandle@4      004060a8     kernel32:KERNEL32.dll
 0004:000000ac       __imp__GetSystemTime@4     004060ac     kernel32:KERNEL32.dll
 0004:000000b0       __imp__ReadConsoleA@20     004060b0     kernel32:KERNEL32.dll
 0004:000000b4       __imp__SetConsoleCursorPosition@8 004060b4     kernel32:KERNEL32.dll
 0004:000000b8       __imp__SetConsoleMode@8    004060b8     kernel32:KERNEL32.dll
 0004:000000bc       __imp__SetConsoleTextAttribute@8 004060bc     kernel32:KERNEL32.dll
 0004:000000c0       __imp__Sleep@4             004060c0     kernel32:KERNEL32.dll
 0004:000000c4       __imp__SystemTimeToFileTime@8 004060c4     kernel32:KERNEL32.dll
 0004:000000c8       __imp__WriteConsoleA@20    004060c8     kernel32:KERNEL32.dll
 0004:000000cc       \177KERNEL32_NULL_THUNK_DATA 004060cc     kernel32:KERNEL32.dll

 entry point at        0001:00000030

