 Week14

 Timestamp is 66314e08 (Tue Apr 30 16:01:12 2024)

 Preferred load address is 00400000

 Start         Length     Name                   Class
 0001:00000000 00001dadH .text                   CODE
 0002:00000000 00000121H .rdata                  DATA
 0002:00000121 00000000H .edata                  DATA
 0003:00000000 00000ec8H .data                   DATA
 0003:00000ec8 00000224H .bss                    DATA
 0004:00000000 00000014H .idata$2                DATA
 0004:00000014 00000014H .idata$3                DATA
 0004:00000028 0000006cH .idata$4                DATA
 0004:00000094 0000006cH .idata$5                DATA
 0004:00000100 0000022dH .idata$6                DATA

  Address         Publics by Value              Rva+Base     Lib:Object

 0001:00000044       _main@0                    00401044 f   Week14.obj
 0001:00000050       _multiDArray@0             00401050 f   Week14.obj
 0001:000000ba       _pass@0                    004010ba f   Week14.obj
 0001:000000e0       _swap@0                    004010e0 f   Week14.obj
 0001:000000e9       _disp@0                    004010e9 f   Week14.obj
 0001:00000101       _nameSwap@0                00401101 f   Week14.obj
 0001:000001b4       _ClrScr@0                  004011b4 f   irvine32:Irvine32.obj
 0001:00000203       _Crlf@0                    00401203 f   irvine32:Irvine32.obj
 0001:00000220       _Delay@0                   00401220 f   irvine32:Irvine32.obj
 0001:00000229       _DumpMem@0                 00401229 f   irvine32:Irvine32.obj
 0001:000002f9       _DumpRegs@0                004012f9 f   irvine32:Irvine32.obj
 0001:000004d5       _GetCommandTail@0          004014d5 f   irvine32:Irvine32.obj
 0001:000004eb       _GetDateTime@4             004014eb f   irvine32:Irvine32.obj
 0001:0000051b       _GetMseconds@0             0040151b f   irvine32:Irvine32.obj
 0001:00000574       _Gotoxy@0                  00401574 f   irvine32:Irvine32.obj
 0001:000005aa       _IsDigit@0                 004015aa f   irvine32:Irvine32.obj
 0001:000005b7       _RandomRange@0             004015b7 f   irvine32:Irvine32.obj
 0001:000005d3       _Random32@0                004015d3 f   irvine32:Irvine32.obj
 0001:000005ee       _Randomize@0               004015ee f   irvine32:Irvine32.obj
 0001:00000607       _ReadChar@0                00401607 f   irvine32:Irvine32.obj
 0001:00000664       _ReadHex@0                 00401664 f   irvine32:Irvine32.obj
 0001:000006c4       _ReadInt@0                 004016c4 f   irvine32:Irvine32.obj
 0001:00000781       _ReadString@0              00401781 f   irvine32:Irvine32.obj
 0001:000007e7       _SetTextColor@0            004017e7 f   irvine32:Irvine32.obj
 0001:0000080c       _Str_compare@8             0040180c f   irvine32:Irvine32.obj
 0001:00000836       _Str_copy@8                00401836 f   irvine32:Irvine32.obj
 0001:00000859       _Str_length@4              00401859 f   irvine32:Irvine32.obj
 0001:00000873       _Str_trim@8                00401873 f   irvine32:Irvine32.obj
 0001:000008a0       _Str_ucase@4               004018a0 f   irvine32:Irvine32.obj
 0001:000008c2       _WaitMsg@0                 004018c2 f   irvine32:Irvine32.obj
 0001:0000091b       _WriteBin@0                0040191b f   irvine32:Irvine32.obj
 0001:0000094f       _WriteChar@0               0040194f f   irvine32:Irvine32.obj
 0001:0000097e       _WriteDec@0                0040197e f   irvine32:Irvine32.obj
 0001:000009bf       _WriteHex@0                004019bf f   irvine32:Irvine32.obj
 0001:00000a16       _WriteInt@0                00401a16 f   irvine32:Irvine32.obj
 0001:00000a77       _WriteString@0             00401a77 f   irvine32:Irvine32.obj
 0001:00000b04       _ExitProcess@4             00401b04 f   kernel32:KERNEL32.dll
 0001:00000b0a       _FlushConsoleInputBuffer@4 00401b0a f   kernel32:KERNEL32.dll
 0001:00000b10       _GetCommandLineA@0         00401b10 f   kernel32:KERNEL32.dll
 0001:00000b16       _GetConsoleMode@8          00401b16 f   kernel32:KERNEL32.dll
 0001:00000b1c       _GetLocalTime@4            00401b1c f   kernel32:KERNEL32.dll
 0001:00000b22       _GetStdHandle@4            00401b22 f   kernel32:KERNEL32.dll
 0001:00000b28       _GetSystemTime@4           00401b28 f   kernel32:KERNEL32.dll
 0001:00000b2e       _ReadConsoleA@20           00401b2e f   kernel32:KERNEL32.dll
 0001:00000b34       _SetConsoleCursorPosition@8 00401b34 f   kernel32:KERNEL32.dll
 0001:00000b3a       _SetConsoleMode@8          00401b3a f   kernel32:KERNEL32.dll
 0001:00000b40       _SetConsoleTextAttribute@8 00401b40 f   kernel32:KERNEL32.dll
 0001:00000b46       _Sleep@4                   00401b46 f   kernel32:KERNEL32.dll
 0001:00000b4c       _SystemTimeToFileTime@8    00401b4c f   kernel32:KERNEL32.dll
 0001:00000b52       _WriteConsoleA@20          00401b52 f   kernel32:KERNEL32.dll
 0004:00000000       __IMPORT_DESCRIPTOR_KERNEL32 00406000     kernel32:KERNEL32.dll
 0004:00000014       __NULL_IMPORT_DESCRIPTOR   00406014     kernel32:KERNEL32.dll
 0004:00000094       __imp__ExitProcess@4       00406094     kernel32:KERNEL32.dll
 0004:00000098       __imp__FlushConsoleInputBuffer@4 00406098     kernel32:KERNEL32.dll
 0004:0000009c       __imp__GetCommandLineA@0   0040609c     kernel32:KERNEL32.dll
 0004:000000a0       __imp__GetConsoleMode@8    004060a0     kernel32:KERNEL32.dll
 0004:000000a4       __imp__GetLocalTime@4      004060a4     kernel32:KERNEL32.dll
 0004:000000a8       __imp__GetStdHandle@4      004060a8     kernel32:KERNEL32.dll
 0004:000000ac       __imp__GetSystemTime@4     004060ac     kernel32:KERNEL32.dll
 0004:000000b0       __imp__ReadConsoleA@20     004060b0     kernel32:KERNEL32.dll
 0004:000000b4       __imp__SetConsoleCursorPosition@8 004060b4     kernel32:KERNEL32.dll
 0004:000000b8       __imp__SetConsoleMode@8    004060b8     kernel32:KERNEL32.dll
 0004:000000bc       __imp__SetConsoleTextAttribute@8 004060bc     kernel32:KERNEL32.dll
 0004:000000c0       __imp__Sleep@4             004060c0     kernel32:KERNEL32.dll
 0004:000000c4       __imp__SystemTimeToFileTime@8 004060c4     kernel32:KERNEL32.dll
 0004:000000c8       __imp__WriteConsoleA@20    004060c8     kernel32:KERNEL32.dll
 0004:000000cc       \177KERNEL32_NULL_THUNK_DATA 004060cc     kernel32:KERNEL32.dll

 entry point at        0001:00000044

