 ManganHW8

 Timestamp is 66312b68 (Tue Apr 30 13:33:28 2024)

 Preferred load address is 00400000

 Start         Length     Name                   Class
 0001:00000000 00001cbcH .text                   CODE
 0002:00000000 00000121H .rdata                  DATA
 0002:00000121 00000000H .edata                  DATA
 0003:00000000 000012d7H .data                   DATA
 0003:000012d8 00000224H .bss                    DATA
 0004:00000000 00000014H .idata$2                DATA
 0004:00000014 00000014H .idata$3                DATA
 0004:00000028 0000006cH .idata$4                DATA
 0004:00000094 0000006cH .idata$5                DATA
 0004:00000100 0000022dH .idata$6                DATA

  Address         Publics by Value              Rva+Base     Lib:Object

 0001:00000024       _main@0                    00401024 f   ManganHW8.obj
 0001:00000035       _sieveProc@0               00401035 f   ManganHW8.obj
 0001:0000006e       _displayPrimes@0           0040106e f   ManganHW8.obj
 0001:000000b8       _ClrScr@0                  004010b8 f   irvine32:Irvine32.obj
 0001:00000107       _Crlf@0                    00401107 f   irvine32:Irvine32.obj
 0001:00000124       _Delay@0                   00401124 f   irvine32:Irvine32.obj
 0001:0000012d       _DumpMem@0                 0040112d f   irvine32:Irvine32.obj
 0001:000001fd       _DumpRegs@0                004011fd f   irvine32:Irvine32.obj
 0001:000003d9       _GetCommandTail@0          004013d9 f   irvine32:Irvine32.obj
 0001:000003ef       _GetDateTime@4             004013ef f   irvine32:Irvine32.obj
 0001:0000041f       _GetMseconds@0             0040141f f   irvine32:Irvine32.obj
 0001:00000478       _Gotoxy@0                  00401478 f   irvine32:Irvine32.obj
 0001:000004ae       _IsDigit@0                 004014ae f   irvine32:Irvine32.obj
 0001:000004bb       _RandomRange@0             004014bb f   irvine32:Irvine32.obj
 0001:000004d7       _Random32@0                004014d7 f   irvine32:Irvine32.obj
 0001:000004f2       _Randomize@0               004014f2 f   irvine32:Irvine32.obj
 0001:0000050b       _ReadChar@0                0040150b f   irvine32:Irvine32.obj
 0001:00000568       _ReadHex@0                 00401568 f   irvine32:Irvine32.obj
 0001:000005c8       _ReadInt@0                 004015c8 f   irvine32:Irvine32.obj
 0001:00000685       _ReadString@0              00401685 f   irvine32:Irvine32.obj
 0001:000006eb       _SetTextColor@0            004016eb f   irvine32:Irvine32.obj
 0001:00000710       _Str_compare@8             00401710 f   irvine32:Irvine32.obj
 0001:0000073a       _Str_copy@8                0040173a f   irvine32:Irvine32.obj
 0001:0000075d       _Str_length@4              0040175d f   irvine32:Irvine32.obj
 0001:00000777       _Str_trim@8                00401777 f   irvine32:Irvine32.obj
 0001:000007a4       _Str_ucase@4               004017a4 f   irvine32:Irvine32.obj
 0001:000007c6       _WaitMsg@0                 004017c6 f   irvine32:Irvine32.obj
 0001:0000081f       _WriteBin@0                0040181f f   irvine32:Irvine32.obj
 0001:00000853       _WriteChar@0               00401853 f   irvine32:Irvine32.obj
 0001:00000882       _WriteDec@0                00401882 f   irvine32:Irvine32.obj
 0001:000008c3       _WriteHex@0                004018c3 f   irvine32:Irvine32.obj
 0001:0000091a       _WriteInt@0                0040191a f   irvine32:Irvine32.obj
 0001:0000097b       _WriteString@0             0040197b f   irvine32:Irvine32.obj
 0001:00000a08       _ExitProcess@4             00401a08 f   kernel32:KERNEL32.dll
 0001:00000a0e       _FlushConsoleInputBuffer@4 00401a0e f   kernel32:KERNEL32.dll
 0001:00000a14       _GetCommandLineA@0         00401a14 f   kernel32:KERNEL32.dll
 0001:00000a1a       _GetConsoleMode@8          00401a1a f   kernel32:KERNEL32.dll
 0001:00000a20       _GetLocalTime@4            00401a20 f   kernel32:KERNEL32.dll
 0001:00000a26       _GetStdHandle@4            00401a26 f   kernel32:KERNEL32.dll
 0001:00000a2c       _GetSystemTime@4           00401a2c f   kernel32:KERNEL32.dll
 0001:00000a32       _ReadConsoleA@20           00401a32 f   kernel32:KERNEL32.dll
 0001:00000a38       _SetConsoleCursorPosition@8 00401a38 f   kernel32:KERNEL32.dll
 0001:00000a3e       _SetConsoleMode@8          00401a3e f   kernel32:KERNEL32.dll
 0001:00000a44       _SetConsoleTextAttribute@8 00401a44 f   kernel32:KERNEL32.dll
 0001:00000a4a       _Sleep@4                   00401a4a f   kernel32:KERNEL32.dll
 0001:00000a50       _SystemTimeToFileTime@8    00401a50 f   kernel32:KERNEL32.dll
 0001:00000a56       _WriteConsoleA@20          00401a56 f   kernel32:KERNEL32.dll
 0004:00000000       __IMPORT_DESCRIPTOR_KERNEL32 00406000     kernel32:KERNEL32.dll
 0004:00000014       __NULL_IMPORT_DESCRIPTOR   00406014     kernel32:KERNEL32.dll
 0004:00000094       __imp__ExitProcess@4       00406094     kernel32:KERNEL32.dll
 0004:00000098       __imp__FlushConsoleInputBuffer@4 00406098     kernel32:KERNEL32.dll
 0004:0000009c       __imp__GetCommandLineA@0   0040609c     kernel32:KERNEL32.dll
 0004:000000a0       __imp__GetConsoleMode@8    004060a0     kernel32:KERNEL32.dll
 0004:000000a4       __imp__GetLocalTime@4      004060a4     kernel32:KERNEL32.dll
 0004:000000a8       __imp__GetStdHandle@4      004060a8     kernel32:KERNEL32.dll
 0004:000000ac       __imp__GetSystemTime@4     004060ac     kernel32:KERNEL32.dll
 0004:000000b0       __imp__ReadConsoleA@20     004060b0     kernel32:KERNEL32.dll
 0004:000000b4       __imp__SetConsoleCursorPosition@8 004060b4     kernel32:KERNEL32.dll
 0004:000000b8       __imp__SetConsoleMode@8    004060b8     kernel32:KERNEL32.dll
 0004:000000bc       __imp__SetConsoleTextAttribute@8 004060bc     kernel32:KERNEL32.dll
 0004:000000c0       __imp__Sleep@4             004060c0     kernel32:KERNEL32.dll
 0004:000000c4       __imp__SystemTimeToFileTime@8 004060c4     kernel32:KERNEL32.dll
 0004:000000c8       __imp__WriteConsoleA@20    004060c8     kernel32:KERNEL32.dll
 0004:000000cc       \177KERNEL32_NULL_THUNK_DATA 004060cc     kernel32:KERNEL32.dll

 entry point at        0001:00000024

