 TestProgramOne

 Timestamp is 65e77ed5 (Tue Mar 05 15:21:41 2024)

 Preferred load address is 00400000

 Start         Length     Name                   Class
 0001:00000000 00001cd0H .text                   CODE
 0002:00000000 00000121H .rdata                  DATA
 0002:00000121 00000000H .edata                  DATA
 0003:00000000 00000e08H .data                   DATA
 0003:00000e08 00000224H .bss                    DATA
 0004:00000000 00000014H .idata$2                DATA
 0004:00000014 00000014H .idata$3                DATA
 0004:00000028 0000006cH .idata$4                DATA
 0004:00000094 0000006cH .idata$5                DATA
 0004:00000100 0000022dH .idata$6                DATA

  Address         Publics by Value              Rva+Base     Lib:Object

 0001:00000024       _main@0                    00401024 f   TestProgramOne.obj
 0001:00000082       _otherStuff@0              00401082 f   TestProgramOne.obj
 0001:0000008a       _loopSetup@0               0040108a f   TestProgramOne.obj
 0001:000000cc       _ClrScr@0                  004010cc f   irvine32:Irvine32.obj
 0001:0000011b       _Crlf@0                    0040111b f   irvine32:Irvine32.obj
 0001:00000138       _Delay@0                   00401138 f   irvine32:Irvine32.obj
 0001:00000141       _DumpMem@0                 00401141 f   irvine32:Irvine32.obj
 0001:00000211       _DumpRegs@0                00401211 f   irvine32:Irvine32.obj
 0001:000003ed       _GetCommandTail@0          004013ed f   irvine32:Irvine32.obj
 0001:00000403       _GetDateTime@4             00401403 f   irvine32:Irvine32.obj
 0001:00000433       _GetMseconds@0             00401433 f   irvine32:Irvine32.obj
 0001:0000048c       _Gotoxy@0                  0040148c f   irvine32:Irvine32.obj
 0001:000004c2       _IsDigit@0                 004014c2 f   irvine32:Irvine32.obj
 0001:000004cf       _RandomRange@0             004014cf f   irvine32:Irvine32.obj
 0001:000004eb       _Random32@0                004014eb f   irvine32:Irvine32.obj
 0001:00000506       _Randomize@0               00401506 f   irvine32:Irvine32.obj
 0001:0000051f       _ReadChar@0                0040151f f   irvine32:Irvine32.obj
 0001:0000057c       _ReadHex@0                 0040157c f   irvine32:Irvine32.obj
 0001:000005dc       _ReadInt@0                 004015dc f   irvine32:Irvine32.obj
 0001:00000699       _ReadString@0              00401699 f   irvine32:Irvine32.obj
 0001:000006ff       _SetTextColor@0            004016ff f   irvine32:Irvine32.obj
 0001:00000724       _Str_compare@8             00401724 f   irvine32:Irvine32.obj
 0001:0000074e       _Str_copy@8                0040174e f   irvine32:Irvine32.obj
 0001:00000771       _Str_length@4              00401771 f   irvine32:Irvine32.obj
 0001:0000078b       _Str_trim@8                0040178b f   irvine32:Irvine32.obj
 0001:000007b8       _Str_ucase@4               004017b8 f   irvine32:Irvine32.obj
 0001:000007da       _WaitMsg@0                 004017da f   irvine32:Irvine32.obj
 0001:00000833       _WriteBin@0                00401833 f   irvine32:Irvine32.obj
 0001:00000867       _WriteChar@0               00401867 f   irvine32:Irvine32.obj
 0001:00000896       _WriteDec@0                00401896 f   irvine32:Irvine32.obj
 0001:000008d7       _WriteHex@0                004018d7 f   irvine32:Irvine32.obj
 0001:0000092e       _WriteInt@0                0040192e f   irvine32:Irvine32.obj
 0001:0000098f       _WriteString@0             0040198f f   irvine32:Irvine32.obj
 0001:00000a1c       _ExitProcess@4             00401a1c f   kernel32:KERNEL32.dll
 0001:00000a22       _FlushConsoleInputBuffer@4 00401a22 f   kernel32:KERNEL32.dll
 0001:00000a28       _GetCommandLineA@0         00401a28 f   kernel32:KERNEL32.dll
 0001:00000a2e       _GetConsoleMode@8          00401a2e f   kernel32:KERNEL32.dll
 0001:00000a34       _GetLocalTime@4            00401a34 f   kernel32:KERNEL32.dll
 0001:00000a3a       _GetStdHandle@4            00401a3a f   kernel32:KERNEL32.dll
 0001:00000a40       _GetSystemTime@4           00401a40 f   kernel32:KERNEL32.dll
 0001:00000a46       _ReadConsoleA@20           00401a46 f   kernel32:KERNEL32.dll
 0001:00000a4c       _SetConsoleCursorPosition@8 00401a4c f   kernel32:KERNEL32.dll
 0001:00000a52       _SetConsoleMode@8          00401a52 f   kernel32:KERNEL32.dll
 0001:00000a58       _SetConsoleTextAttribute@8 00401a58 f   kernel32:KERNEL32.dll
 0001:00000a5e       _Sleep@4                   00401a5e f   kernel32:KERNEL32.dll
 0001:00000a64       _SystemTimeToFileTime@8    00401a64 f   kernel32:KERNEL32.dll
 0001:00000a6a       _WriteConsoleA@20          00401a6a f   kernel32:KERNEL32.dll
 0004:00000000       __IMPORT_DESCRIPTOR_KERNEL32 00406000     kernel32:KERNEL32.dll
 0004:00000014       __NULL_IMPORT_DESCRIPTOR   00406014     kernel32:KERNEL32.dll
 0004:00000094       __imp__ExitProcess@4       00406094     kernel32:KERNEL32.dll
 0004:00000098       __imp__FlushConsoleInputBuffer@4 00406098     kernel32:KERNEL32.dll
 0004:0000009c       __imp__GetCommandLineA@0   0040609c     kernel32:KERNEL32.dll
 0004:000000a0       __imp__GetConsoleMode@8    004060a0     kernel32:KERNEL32.dll
 0004:000000a4       __imp__GetLocalTime@4      004060a4     kernel32:KERNEL32.dll
 0004:000000a8       __imp__GetStdHandle@4      004060a8     kernel32:KERNEL32.dll
 0004:000000ac       __imp__GetSystemTime@4     004060ac     kernel32:KERNEL32.dll
 0004:000000b0       __imp__ReadConsoleA@20     004060b0     kernel32:KERNEL32.dll
 0004:000000b4       __imp__SetConsoleCursorPosition@8 004060b4     kernel32:KERNEL32.dll
 0004:000000b8       __imp__SetConsoleMode@8    004060b8     kernel32:KERNEL32.dll
 0004:000000bc       __imp__SetConsoleTextAttribute@8 004060bc     kernel32:KERNEL32.dll
 0004:000000c0       __imp__Sleep@4             004060c0     kernel32:KERNEL32.dll
 0004:000000c4       __imp__SystemTimeToFileTime@8 004060c4     kernel32:KERNEL32.dll
 0004:000000c8       __imp__WriteConsoleA@20    004060c8     kernel32:KERNEL32.dll
 0004:000000cc       \177KERNEL32_NULL_THUNK_DATA 004060cc     kernel32:KERNEL32.dll

 entry point at        0001:00000024

