 Week9-2

 Timestamp is 6603170e (Tue Mar 26 14:42:22 2024)

 Preferred load address is 00400000

 Start         Length     Name                   Class
 0001:00000000 00001c80H .text                   CODE
 0002:00000000 00000121H .rdata                  DATA
 0002:00000121 00000000H .edata                  DATA
 0003:00000000 00000e34H .data                   DATA
 0003:00000e34 00000224H .bss                    DATA
 0004:00000000 00000014H .idata$2                DATA
 0004:00000014 00000014H .idata$3                DATA
 0004:00000028 00000068H .idata$4                DATA
 0004:00000090 00000068H .idata$5                DATA
 0004:000000f8 0000021eH .idata$6                DATA

  Address         Publics by Value              Rva+Base     Lib:Object

 0001:00000024       _main@0                    00401024 f   Week9-2.obj
 0001:00000038       _addup@0                   00401038 f   Week9-2.obj
 0001:00000054       _addupWORD@0               00401054 f   Week9-2.obj
 0001:00000084       _ClrScr@0                  00401084 f   irvine32:Irvine32.obj
 0001:000000d3       _Crlf@0                    004010d3 f   irvine32:Irvine32.obj
 0001:000000f0       _Delay@0                   004010f0 f   irvine32:Irvine32.obj
 0001:000000f9       _DumpMem@0                 004010f9 f   irvine32:Irvine32.obj
 0001:000001c9       _DumpRegs@0                004011c9 f   irvine32:Irvine32.obj
 0001:000003a5       _GetCommandTail@0          004013a5 f   irvine32:Irvine32.obj
 0001:000003bb       _GetDateTime@4             004013bb f   irvine32:Irvine32.obj
 0001:000003eb       _GetMseconds@0             004013eb f   irvine32:Irvine32.obj
 0001:00000444       _Gotoxy@0                  00401444 f   irvine32:Irvine32.obj
 0001:0000047a       _IsDigit@0                 0040147a f   irvine32:Irvine32.obj
 0001:00000487       _RandomRange@0             00401487 f   irvine32:Irvine32.obj
 0001:000004a3       _Random32@0                004014a3 f   irvine32:Irvine32.obj
 0001:000004be       _Randomize@0               004014be f   irvine32:Irvine32.obj
 0001:000004d7       _ReadChar@0                004014d7 f   irvine32:Irvine32.obj
 0001:00000534       _ReadHex@0                 00401534 f   irvine32:Irvine32.obj
 0001:00000594       _ReadInt@0                 00401594 f   irvine32:Irvine32.obj
 0001:00000651       _ReadString@0              00401651 f   irvine32:Irvine32.obj
 0001:000006b7       _SetTextColor@0            004016b7 f   irvine32:Irvine32.obj
 0001:000006dc       _Str_compare@8             004016dc f   irvine32:Irvine32.obj
 0001:00000706       _Str_copy@8                00401706 f   irvine32:Irvine32.obj
 0001:00000729       _Str_length@4              00401729 f   irvine32:Irvine32.obj
 0001:00000743       _Str_trim@8                00401743 f   irvine32:Irvine32.obj
 0001:00000770       _Str_ucase@4               00401770 f   irvine32:Irvine32.obj
 0001:00000792       _WaitMsg@0                 00401792 f   irvine32:Irvine32.obj
 0001:000007eb       _WriteBin@0                004017eb f   irvine32:Irvine32.obj
 0001:0000081f       _WriteChar@0               0040181f f   irvine32:Irvine32.obj
 0001:0000084e       _WriteDec@0                0040184e f   irvine32:Irvine32.obj
 0001:0000088f       _WriteHex@0                0040188f f   irvine32:Irvine32.obj
 0001:000008e6       _WriteInt@0                004018e6 f   irvine32:Irvine32.obj
 0001:00000947       _WriteString@0             00401947 f   irvine32:Irvine32.obj
 0001:000009d4       _FlushConsoleInputBuffer@4 004019d4 f   kernel32:KERNEL32.dll
 0001:000009da       _GetCommandLineA@0         004019da f   kernel32:KERNEL32.dll
 0001:000009e0       _GetConsoleMode@8          004019e0 f   kernel32:KERNEL32.dll
 0001:000009e6       _GetLocalTime@4            004019e6 f   kernel32:KERNEL32.dll
 0001:000009ec       _GetStdHandle@4            004019ec f   kernel32:KERNEL32.dll
 0001:000009f2       _GetSystemTime@4           004019f2 f   kernel32:KERNEL32.dll
 0001:000009f8       _ReadConsoleA@20           004019f8 f   kernel32:KERNEL32.dll
 0001:000009fe       _SetConsoleCursorPosition@8 004019fe f   kernel32:KERNEL32.dll
 0001:00000a04       _SetConsoleMode@8          00401a04 f   kernel32:KERNEL32.dll
 0001:00000a0a       _SetConsoleTextAttribute@8 00401a0a f   kernel32:KERNEL32.dll
 0001:00000a10       _Sleep@4                   00401a10 f   kernel32:KERNEL32.dll
 0001:00000a16       _SystemTimeToFileTime@8    00401a16 f   kernel32:KERNEL32.dll
 0001:00000a1c       _WriteConsoleA@20          00401a1c f   kernel32:KERNEL32.dll
 0004:00000000       __IMPORT_DESCRIPTOR_KERNEL32 00406000     kernel32:KERNEL32.dll
 0004:00000014       __NULL_IMPORT_DESCRIPTOR   00406014     kernel32:KERNEL32.dll
 0004:00000090       __imp__FlushConsoleInputBuffer@4 00406090     kernel32:KERNEL32.dll
 0004:00000094       __imp__GetCommandLineA@0   00406094     kernel32:KERNEL32.dll
 0004:00000098       __imp__GetConsoleMode@8    00406098     kernel32:KERNEL32.dll
 0004:0000009c       __imp__GetLocalTime@4      0040609c     kernel32:KERNEL32.dll
 0004:000000a0       __imp__GetStdHandle@4      004060a0     kernel32:KERNEL32.dll
 0004:000000a4       __imp__GetSystemTime@4     004060a4     kernel32:KERNEL32.dll
 0004:000000a8       __imp__ReadConsoleA@20     004060a8     kernel32:KERNEL32.dll
 0004:000000ac       __imp__SetConsoleCursorPosition@8 004060ac     kernel32:KERNEL32.dll
 0004:000000b0       __imp__SetConsoleMode@8    004060b0     kernel32:KERNEL32.dll
 0004:000000b4       __imp__SetConsoleTextAttribute@8 004060b4     kernel32:KERNEL32.dll
 0004:000000b8       __imp__Sleep@4             004060b8     kernel32:KERNEL32.dll
 0004:000000bc       __imp__SystemTimeToFileTime@8 004060bc     kernel32:KERNEL32.dll
 0004:000000c0       __imp__WriteConsoleA@20    004060c0     kernel32:KERNEL32.dll
 0004:000000c4       \177KERNEL32_NULL_THUNK_DATA 004060c4     kernel32:KERNEL32.dll

 entry point at        0001:00000024

