 ManganHW7

 Timestamp is 661da23f (Mon Apr 15 17:55:11 2024)

 Preferred load address is 00400000

 Start         Length     Name                   Class
 0001:00000000 00001d11H .text                   CODE
 0002:00000000 00000121H .rdata                  DATA
 0002:00000121 00000000H .edata                  DATA
 0003:00000000 00000e5cH .data                   DATA
 0003:00000e5c 00000224H .bss                    DATA
 0004:00000000 00000014H .idata$2                DATA
 0004:00000014 00000014H .idata$3                DATA
 0004:00000028 0000006cH .idata$4                DATA
 0004:00000094 0000006cH .idata$5                DATA
 0004:00000100 0000022dH .idata$6                DATA

  Address         Publics by Value              Rva+Base     Lib:Object

 0001:00000030       _main@0                    00401030 f   ManganHW7.obj
 0001:00000046       _inputProc@0               00401046 f   ManganHW7.obj
 0001:00000060       _calcGrade@0               00401060 f   ManganHW7.obj
 0001:000000b3       _createRandomGrades@0      004010b3 f   ManganHW7.obj
 0001:00000110       _ClrScr@0                  00401110 f   irvine32:Irvine32.obj
 0001:0000015f       _Crlf@0                    0040115f f   irvine32:Irvine32.obj
 0001:0000017c       _Delay@0                   0040117c f   irvine32:Irvine32.obj
 0001:00000185       _DumpMem@0                 00401185 f   irvine32:Irvine32.obj
 0001:00000255       _DumpRegs@0                00401255 f   irvine32:Irvine32.obj
 0001:00000431       _GetCommandTail@0          00401431 f   irvine32:Irvine32.obj
 0001:00000447       _GetDateTime@4             00401447 f   irvine32:Irvine32.obj
 0001:00000477       _GetMseconds@0             00401477 f   irvine32:Irvine32.obj
 0001:000004d0       _Gotoxy@0                  004014d0 f   irvine32:Irvine32.obj
 0001:00000506       _IsDigit@0                 00401506 f   irvine32:Irvine32.obj
 0001:00000513       _RandomRange@0             00401513 f   irvine32:Irvine32.obj
 0001:0000052f       _Random32@0                0040152f f   irvine32:Irvine32.obj
 0001:0000054a       _Randomize@0               0040154a f   irvine32:Irvine32.obj
 0001:00000563       _ReadChar@0                00401563 f   irvine32:Irvine32.obj
 0001:000005c0       _ReadHex@0                 004015c0 f   irvine32:Irvine32.obj
 0001:00000620       _ReadInt@0                 00401620 f   irvine32:Irvine32.obj
 0001:000006dd       _ReadString@0              004016dd f   irvine32:Irvine32.obj
 0001:00000743       _SetTextColor@0            00401743 f   irvine32:Irvine32.obj
 0001:00000768       _Str_compare@8             00401768 f   irvine32:Irvine32.obj
 0001:00000792       _Str_copy@8                00401792 f   irvine32:Irvine32.obj
 0001:000007b5       _Str_length@4              004017b5 f   irvine32:Irvine32.obj
 0001:000007cf       _Str_trim@8                004017cf f   irvine32:Irvine32.obj
 0001:000007fc       _Str_ucase@4               004017fc f   irvine32:Irvine32.obj
 0001:0000081e       _WaitMsg@0                 0040181e f   irvine32:Irvine32.obj
 0001:00000877       _WriteBin@0                00401877 f   irvine32:Irvine32.obj
 0001:000008ab       _WriteChar@0               004018ab f   irvine32:Irvine32.obj
 0001:000008da       _WriteDec@0                004018da f   irvine32:Irvine32.obj
 0001:0000091b       _WriteHex@0                0040191b f   irvine32:Irvine32.obj
 0001:00000972       _WriteInt@0                00401972 f   irvine32:Irvine32.obj
 0001:000009d3       _WriteString@0             004019d3 f   irvine32:Irvine32.obj
 0001:00000a60       _ExitProcess@4             00401a60 f   kernel32:KERNEL32.dll
 0001:00000a66       _FlushConsoleInputBuffer@4 00401a66 f   kernel32:KERNEL32.dll
 0001:00000a6c       _GetCommandLineA@0         00401a6c f   kernel32:KERNEL32.dll
 0001:00000a72       _GetConsoleMode@8          00401a72 f   kernel32:KERNEL32.dll
 0001:00000a78       _GetLocalTime@4            00401a78 f   kernel32:KERNEL32.dll
 0001:00000a7e       _GetStdHandle@4            00401a7e f   kernel32:KERNEL32.dll
 0001:00000a84       _GetSystemTime@4           00401a84 f   kernel32:KERNEL32.dll
 0001:00000a8a       _ReadConsoleA@20           00401a8a f   kernel32:KERNEL32.dll
 0001:00000a90       _SetConsoleCursorPosition@8 00401a90 f   kernel32:KERNEL32.dll
 0001:00000a96       _SetConsoleMode@8          00401a96 f   kernel32:KERNEL32.dll
 0001:00000a9c       _SetConsoleTextAttribute@8 00401a9c f   kernel32:KERNEL32.dll
 0001:00000aa2       _Sleep@4                   00401aa2 f   kernel32:KERNEL32.dll
 0001:00000aa8       _SystemTimeToFileTime@8    00401aa8 f   kernel32:KERNEL32.dll
 0001:00000aae       _WriteConsoleA@20          00401aae f   kernel32:KERNEL32.dll
 0004:00000000       __IMPORT_DESCRIPTOR_KERNEL32 00406000     kernel32:KERNEL32.dll
 0004:00000014       __NULL_IMPORT_DESCRIPTOR   00406014     kernel32:KERNEL32.dll
 0004:00000094       __imp__ExitProcess@4       00406094     kernel32:KERNEL32.dll
 0004:00000098       __imp__FlushConsoleInputBuffer@4 00406098     kernel32:KERNEL32.dll
 0004:0000009c       __imp__GetCommandLineA@0   0040609c     kernel32:KERNEL32.dll
 0004:000000a0       __imp__GetConsoleMode@8    004060a0     kernel32:KERNEL32.dll
 0004:000000a4       __imp__GetLocalTime@4      004060a4     kernel32:KERNEL32.dll
 0004:000000a8       __imp__GetStdHandle@4      004060a8     kernel32:KERNEL32.dll
 0004:000000ac       __imp__GetSystemTime@4     004060ac     kernel32:KERNEL32.dll
 0004:000000b0       __imp__ReadConsoleA@20     004060b0     kernel32:KERNEL32.dll
 0004:000000b4       __imp__SetConsoleCursorPosition@8 004060b4     kernel32:KERNEL32.dll
 0004:000000b8       __imp__SetConsoleMode@8    004060b8     kernel32:KERNEL32.dll
 0004:000000bc       __imp__SetConsoleTextAttribute@8 004060bc     kernel32:KERNEL32.dll
 0004:000000c0       __imp__Sleep@4             004060c0     kernel32:KERNEL32.dll
 0004:000000c4       __imp__SystemTimeToFileTime@8 004060c4     kernel32:KERNEL32.dll
 0004:000000c8       __imp__WriteConsoleA@20    004060c8     kernel32:KERNEL32.dll
 0004:000000cc       \177KERNEL32_NULL_THUNK_DATA 004060cc     kernel32:KERNEL32.dll

 entry point at        0001:00000030

